// Vitest Snapshot v1, https://vitest.dev/guide/snapshot.html

exports[`components/common/Loader > should render correctly 1`] = `
.c0 {
  display: -webkit-box;
  display: -webkit-flex;
  display: -ms-flexbox;
  display: flex;
  -webkit-flex-direction: row;
  -ms-flex-direction: row;
  flex-direction: row;
  -webkit-box-pack: center;
  -webkit-justify-content: center;
  -ms-flex-pack: center;
  justify-content: center;
  padding: 20px 0;
}

.c1 {
  font-family: Open Sans,Arial,sans-serif;
  color: #222;
  font-size: 14px;
  line-height: 20px;
  width: 30px;
  height: 30px;
  font-size: 30px;
  line-height: 1;
  -webkit-user-select: none;
  -moz-user-select: none;
  -ms-user-select: none;
  user-select: none;
  text-align: center;
  -webkit-animation: bqZzKE 1000ms linear infinite;
  animation: bqZzKE 1000ms linear infinite;
}

<div>
  <div
    class="c0"
  >
    <div
      class="c1"
    >
      â†»
    </div>
  </div>
</div>
`;
