// Jest Snapshot v1, https://goo.gl/fbAQLP

exports[`components/todo-list/TodoListSearch should render correctly 1`] = `
.c3 {
  display: block;
  width: 100%;
  border: none;
  outline: none;
  cursor: pointer;
}

.c4 {
  font-family: Open Sans,Arial,sans-serif;
  color: #222;
  font-size: 14px;
  line-height: 20px;
  display: -webkit-inline-box;
  display: -webkit-inline-flex;
  display: -ms-inline-flexbox;
  display: inline-flex;
  -webkit-flex-direction: row;
  -ms-flex-direction: row;
  flex-direction: row;
  -webkit-align-items: center;
  -webkit-box-align: center;
  -ms-flex-align: center;
  align-items: center;
  width: auto;
  padding: 5px 10px;
  background: #f0f0f0;
}

.c4:hover:not(:disabled) {
  background-color: #e0e0e0;
}

.c4:focus {
  outline: 1px dotted #222;
  outline-offset: -1px;
}

.c4:disabled {
  color: #c0c0c0;
}

.c5 {
  -webkit-flex: 1;
  -ms-flex: 1;
  flex: 1;
}

.c1 {
  display: -webkit-box;
  display: -webkit-flex;
  display: -ms-flexbox;
  display: flex;
  -webkit-flex-direction: column;
  -ms-flex-direction: column;
  flex-direction: column;
}

.c2 {
  font-family: Open Sans,Arial,sans-serif;
  color: #222;
  font-size: 14px;
  line-height: 20px;
  display: block;
  width: 100%;
  padding: 5px 10px;
  background: #fff;
  border: none;
  outline: none;
}

.c2:hover:not(:disabled) {
  background-color: #fcfcfc;
}

.c2:focus {
  outline: 1px dotted #222;
  outline-offset: -1px;
}

.c2:disabled {
  color: #c0c0c0;
}

.c0 {
  display: -webkit-box;
  display: -webkit-flex;
  display: -ms-flexbox;
  display: flex;
  -webkit-flex-direction: row;
  -ms-flex-direction: row;
  flex-direction: row;
  -webkit-align-items: center;
  -webkit-box-align: center;
  -ms-flex-align: center;
  align-items: center;
}

.c0 > *:first-child {
  -webkit-flex: 1;
  -ms-flex: 1;
  flex: 1;
}

<div>
  <form
    class="c0"
  >
    <div
      class="c1"
    >
      <input
        class="c2"
        maxlength="100"
        placeholder="Hledaný výraz..."
        type="text"
        value=""
      />
    </div>
    <button
      class="c3 c4"
      type="button"
    >
      <span
        class="c5"
      >
        Hledat
      </span>
    </button>
    <button
      class="c3 c4"
      disabled=""
      type="button"
    >
      <span
        class="c5"
      >
        Zrušit
      </span>
    </button>
  </form>
</div>
`;
