// Vitest Snapshot v1, https://vitest.dev/guide/snapshot.html

exports[`components/Initialization > should render correctly 1`] = `
<div>
  <div>
    CONTENT
  </div>
</div>
`;
