// Jest Snapshot v1, https://goo.gl/fbAQLP

exports[`components/MenuMain should have correct menu items 1`] = `<div />`;

exports[`components/MenuMain should render correctly 1`] = `<div />`;
